---
source: crates/dsl-core/src/executable_plan/integration_tests/plan_golden.rs
expression: dag
---
PopulatedExecutionDag {
    edges: [
        SnapshotVersionEdge {
            from: NodeId(
                0,
            ),
            to: NodeId(
                1,
            ),
        },
    ],
}
